[     346ms] [ERROR] Executing inline script violates the following Content Security Policy directive 'script-src 'self' 'nonce-MTI5YmNmYjEtMDU4Yi00YThjLTk0ODUtNzhhN2Q3N2JiODUy''. Either the 'unsafe-inline' keyword, a hash ('sha256-Q+8tPsjVtiDsjF/Cv8FMOpg2Yg91oKFKDAJat1PPb2g='), or a nonce ('nonce-...') is required to enable inline execution. The action has been blocked. @ http://localhost:3000/setup:0
[     346ms] [ERROR] Executing inline script violates the following Content Security Policy directive 'script-src 'self' 'nonce-MTI5YmNmYjEtMDU4Yi00YThjLTk0ODUtNzhhN2Q3N2JiODUy''. Either the 'unsafe-inline' keyword, a hash ('sha256-369khzhyWb7do0ullXYSacLXL+g/HjDbbO3/q7lNtvM='), or a nonce ('nonce-...') is required to enable inline execution. The action has been blocked. @ http://localhost:3000/setup:0
[     347ms] [ERROR] Executing inline script violates the following Content Security Policy directive 'script-src 'self' 'nonce-MTI5YmNmYjEtMDU4Yi00YThjLTk0ODUtNzhhN2Q3N2JiODUy''. Either the 'unsafe-inline' keyword, a hash ('sha256-aAyRTfD1ApbEtV7tJ1Wxr7O7ccb/JMwlcTr9N6W9rJs='), or a nonce ('nonce-...') is required to enable inline execution. The action has been blocked. @ http://localhost:3000/setup:0
[     347ms] [ERROR] Executing inline script violates the following Content Security Policy directive 'script-src 'self' 'nonce-MTI5YmNmYjEtMDU4Yi00YThjLTk0ODUtNzhhN2Q3N2JiODUy''. Either the 'unsafe-inline' keyword, a hash ('sha256-1o9f4Frfis1PY+x4PtIO4Ef2rVTgb880zbg12xVAAR0='), or a nonce ('nonce-...') is required to enable inline execution. The action has been blocked. @ http://localhost:3000/setup:0
[     347ms] [ERROR] Executing inline script violates the following Content Security Policy directive 'script-src 'self' 'nonce-MTI5YmNmYjEtMDU4Yi00YThjLTk0ODUtNzhhN2Q3N2JiODUy''. Either the 'unsafe-inline' keyword, a hash ('sha256-1LC9W0PA6FDSfGw9lmAaIsxAn46K6wBGC9Ai0ps5TgQ='), or a nonce ('nonce-...') is required to enable inline execution. The action has been blocked. @ http://localhost:3000/setup:0
[     352ms] [ERROR] Failed to load resource: the server responded with a status of 500 (Internal Server Error) @ http://localhost:3000/_next/static/chunks/webpack-a3c37fcbf859f6f9.js:0
[     352ms] [ERROR] Refused to execute script from 'http://localhost:3000/_next/static/chunks/webpack-a3c37fcbf859f6f9.js' because its MIME type ('text/html') is not executable, and strict MIME type checking is enabled. @ http://localhost:3000/setup:0
[     376ms] [ERROR] Failed to load resource: the server responded with a status of 500 (Internal Server Error) @ http://localhost:3000/_next/static/chunks/fd9d1056-b9b281d6c2728617.js:0
[     376ms] [ERROR] Refused to execute script from 'http://localhost:3000/_next/static/chunks/fd9d1056-b9b281d6c2728617.js' because its MIME type ('text/html') is not executable, and strict MIME type checking is enabled. @ http://localhost:3000/setup:0
[     376ms] [ERROR] Failed to load resource: the server responded with a status of 500 (Internal Server Error) @ http://localhost:3000/_next/static/chunks/117-f9f4984ea2720060.js:0
[     377ms] [ERROR] Refused to execute script from 'http://localhost:3000/_next/static/chunks/117-f9f4984ea2720060.js' because its MIME type ('text/html') is not executable, and strict MIME type checking is enabled. @ http://localhost:3000/setup:0
[     377ms] [ERROR] Failed to load resource: the server responded with a status of 500 (Internal Server Error) @ http://localhost:3000/_next/static/chunks/main-app-8c0464d4e70d4174.js:0
[     378ms] [ERROR] Refused to execute script from 'http://localhost:3000/_next/static/chunks/main-app-8c0464d4e70d4174.js' because its MIME type ('text/html') is not executable, and strict MIME type checking is enabled. @ http://localhost:3000/setup:0
[     378ms] [ERROR] Failed to load resource: the server responded with a status of 500 (Internal Server Error) @ http://localhost:3000/_next/static/chunks/526-f1885a5079d72611.js:0
[     378ms] [ERROR] Refused to execute script from 'http://localhost:3000/_next/static/chunks/526-f1885a5079d72611.js' because its MIME type ('text/html') is not executable, and strict MIME type checking is enabled. @ http://localhost:3000/setup:0
[     382ms] [ERROR] Failed to load resource: the server responded with a status of 500 (Internal Server Error) @ http://localhost:3000/_next/static/chunks/app/setup/page-bb3f3c181ac1233f.js:0
[     382ms] [ERROR] Refused to execute script from 'http://localhost:3000/_next/static/chunks/app/setup/page-bb3f3c181ac1233f.js' because its MIME type ('text/html') is not executable, and strict MIME type checking is enabled. @ http://localhost:3000/setup:0
[     385ms] [ERROR] Failed to load resource: the server responded with a status of 500 (Internal Server Error) @ http://localhost:3000/_next/static/chunks/837-00c2703485099fda.js:0
[     385ms] [ERROR] Refused to execute script from 'http://localhost:3000/_next/static/chunks/837-00c2703485099fda.js' because its MIME type ('text/html') is not executable, and strict MIME type checking is enabled. @ http://localhost:3000/setup:0
[     394ms] [ERROR] Failed to load resource: the server responded with a status of 500 (Internal Server Error) @ http://localhost:3000/_next/static/chunks/app/layout-df730da29e3163a3.js:0
[     395ms] [ERROR] Refused to execute script from 'http://localhost:3000/_next/static/chunks/app/layout-df730da29e3163a3.js' because its MIME type ('text/html') is not executable, and strict MIME type checking is enabled. @ http://localhost:3000/setup:0
[     395ms] [ERROR] Failed to load resource: the server responded with a status of 500 (Internal Server Error) @ http://localhost:3000/_next/static/chunks/798-e4f0aaf25fffbfa2.js:0
[     396ms] [ERROR] Refused to execute script from 'http://localhost:3000/_next/static/chunks/798-e4f0aaf25fffbfa2.js' because its MIME type ('text/html') is not executable, and strict MIME type checking is enabled. @ http://localhost:3000/setup:0
