[     113ms] [ERROR] Failed to load resource: the server responded with a status of 401 (Unauthorized) @ http://localhost:3000/api/me/turn-credentials:0
[     113ms] [ERROR] Failed to load resource: the server responded with a status of 401 (Unauthorized) @ http://localhost:3000/api/me/sip-credentials:0
[     202ms] [VERBOSE] [DOM] Input elements should have autocomplete attributes (suggested: "new-password"): (More info: https://goo.gl/9p2vKq) %o @ http://localhost:3000/setup:0
[     202ms] [VERBOSE] [DOM] Input elements should have autocomplete attributes (suggested: "new-password"): (More info: https://goo.gl/9p2vKq) %o @ http://localhost:3000/setup:0
[   50746ms] [VERBOSE] [DOM] Password field is not contained in a form: (More info: https://goo.gl/9p2vKq) %o @ http://localhost:3000/admin/settings:0
[   50747ms] [VERBOSE] [DOM] Password field is not contained in a form: (More info: https://goo.gl/9p2vKq) %o @ http://localhost:3000/admin/settings:0
[   50747ms] [VERBOSE] [DOM] Password field is not contained in a form: (More info: https://goo.gl/9p2vKq) %o @ http://localhost:3000/admin/settings:0
[   50747ms] [VERBOSE] [DOM] Password field is not contained in a form: (More info: https://goo.gl/9p2vKq) %o @ http://localhost:3000/admin/settings:0
[   50747ms] [VERBOSE] [DOM] Password field is not contained in a form: (More info: https://goo.gl/9p2vKq) %o @ http://localhost:3000/admin/settings:0
[   50747ms] [VERBOSE] [DOM] Password field is not contained in a form: (More info: https://goo.gl/9p2vKq) %o @ http://localhost:3000/admin/settings:0
[   50747ms] [VERBOSE] [DOM] Password field is not contained in a form: (More info: https://goo.gl/9p2vKq) %o @ http://localhost:3000/admin/settings:0
[  371311ms] [VERBOSE] [DOM] Password field is not contained in a form: (More info: https://goo.gl/9p2vKq) %o @ http://localhost:3000/admin/settings:0
[  371311ms] [VERBOSE] [DOM] Password field is not contained in a form: (More info: https://goo.gl/9p2vKq) %o @ http://localhost:3000/admin/settings:0
[  371311ms] [VERBOSE] [DOM] Password field is not contained in a form: (More info: https://goo.gl/9p2vKq) %o @ http://localhost:3000/admin/settings:0
[  371311ms] [VERBOSE] [DOM] Password field is not contained in a form: (More info: https://goo.gl/9p2vKq) %o @ http://localhost:3000/admin/settings:0
[  371311ms] [VERBOSE] [DOM] Password field is not contained in a form: (More info: https://goo.gl/9p2vKq) %o @ http://localhost:3000/admin/settings:0
[  371311ms] [VERBOSE] [DOM] Password field is not contained in a form: (More info: https://goo.gl/9p2vKq) %o @ http://localhost:3000/admin/settings:0
[  371311ms] [VERBOSE] [DOM] Password field is not contained in a form: (More info: https://goo.gl/9p2vKq) %o @ http://localhost:3000/admin/settings:0
[ 2608468ms] [ERROR] Failed to load resource: the server responded with a status of 400 (Bad Request) @ http://localhost:3000/api/admin/whatsapp/instances:0
[ 2611884ms] [ERROR] Failed to load resource: the server responded with a status of 400 (Bad Request) @ http://localhost:3000/api/admin/whatsapp/instances:0
[ 2640281ms] [ERROR] Failed to load resource: the server responded with a status of 500 (Internal Server Error) @ http://localhost:3000/api/admin/whatsapp/instances/cmt5tpkh40008g22t7z5gauah:0
[ 2640284ms] Unexpected token 'I', "Internal S"... is not valid JSON
[ 2641318ms] [ERROR] Failed to load resource: the server responded with a status of 500 (Internal Server Error) @ http://localhost:3000/api/admin/whatsapp/instances/cmt5tpkh40008g22t7z5gauah:0
[ 2641318ms] Unexpected token 'I', "Internal S"... is not valid JSON
[ 2641960ms] [ERROR] Failed to load resource: the server responded with a status of 500 (Internal Server Error) @ http://localhost:3000/api/admin/whatsapp/instances/cmt5tpkh40008g22t7z5gauah:0
[ 2641960ms] Unexpected token 'I', "Internal S"... is not valid JSON
[ 2642347ms] [ERROR] Failed to load resource: the server responded with a status of 500 (Internal Server Error) @ http://localhost:3000/api/admin/whatsapp/instances/cmt5tpkh40008g22t7z5gauah:0
[ 2642347ms] Unexpected token 'I', "Internal S"... is not valid JSON
[ 2643018ms] [ERROR] Failed to load resource: the server responded with a status of 500 (Internal Server Error) @ http://localhost:3000/api/admin/whatsapp/instances/cmt5tpkh40008g22t7z5gauah:0
[ 2643018ms] Unexpected token 'I', "Internal S"... is not valid JSON
[ 2643444ms] [ERROR] Failed to load resource: the server responded with a status of 500 (Internal Server Error) @ http://localhost:3000/api/admin/whatsapp/instances/cmt5tpkh40008g22t7z5gauah:0
[ 2643444ms] Unexpected token 'I', "Internal S"... is not valid JSON
[ 2643664ms] [ERROR] Failed to load resource: the server responded with a status of 500 (Internal Server Error) @ http://localhost:3000/api/admin/whatsapp/instances/cmt5tpkh40008g22t7z5gauah:0
[ 2643664ms] Unexpected token 'I', "Internal S"... is not valid JSON
[ 2643898ms] [ERROR] Failed to load resource: the server responded with a status of 500 (Internal Server Error) @ http://localhost:3000/api/admin/whatsapp/instances/cmt5tpkh40008g22t7z5gauah:0
[ 2643897ms] Unexpected token 'I', "Internal S"... is not valid JSON
[ 2645762ms] [ERROR] Failed to load resource: the server responded with a status of 500 (Internal Server Error) @ http://localhost:3000/api/admin/whatsapp/instances/cmt5tpkh40008g22t7z5gauah:0
[ 2646577ms] [ERROR] Failed to load resource: the server responded with a status of 500 (Internal Server Error) @ http://localhost:3000/api/admin/whatsapp/instances/cmt5tpkh40008g22t7z5gauah:0
[ 2646979ms] [ERROR] Failed to load resource: the server responded with a status of 500 (Internal Server Error) @ http://localhost:3000/api/admin/whatsapp/instances/cmt5tpkh40008g22t7z5gauah:0
[ 2647252ms] [ERROR] Failed to load resource: the server responded with a status of 500 (Internal Server Error) @ http://localhost:3000/api/admin/whatsapp/instances/cmt5tpkh40008g22t7z5gauah:0
[ 2647719ms] [ERROR] Failed to load resource: the server responded with a status of 500 (Internal Server Error) @ http://localhost:3000/api/admin/whatsapp/instances/cmt5tpkh40008g22t7z5gauah:0
[ 2647928ms] [ERROR] Failed to load resource: the server responded with a status of 500 (Internal Server Error) @ http://localhost:3000/api/admin/whatsapp/instances/cmt5tpkh40008g22t7z5gauah:0
[ 2648097ms] [ERROR] Failed to load resource: the server responded with a status of 500 (Internal Server Error) @ http://localhost:3000/api/admin/whatsapp/instances/cmt5tpkh40008g22t7z5gauah:0
[ 2648262ms] [ERROR] Failed to load resource: the server responded with a status of 500 (Internal Server Error) @ http://localhost:3000/api/admin/whatsapp/instances/cmt5tpkh40008g22t7z5gauah:0
[ 2648822ms] [ERROR] Failed to load resource: the server responded with a status of 500 (Internal Server Error) @ http://localhost:3000/api/admin/whatsapp/instances/cmt5tpkh40008g22t7z5gauah:0
[ 2649035ms] [ERROR] Failed to load resource: the server responded with a status of 500 (Internal Server Error) @ http://localhost:3000/api/admin/whatsapp/instances/cmt5tpkh40008g22t7z5gauah:0
[ 2650882ms] [ERROR] Failed to load resource: the server responded with a status of 404 (Not Found) @ http://localhost:3000/api/me/sip-credentials:0
[ 2650890ms] [ERROR] Failed to load resource: the server responded with a status of 503 (Service Unavailable) @ http://localhost:3000/api/me/turn-credentials:0
[ 2652603ms] [ERROR] Failed to load resource: the server responded with a status of 500 (Internal Server Error) @ http://localhost:3000/api/admin/whatsapp/instances/cmt5tpkh40008g22t7z5gauah:0
[ 2652997ms] [ERROR] Failed to load resource: the server responded with a status of 500 (Internal Server Error) @ http://localhost:3000/api/admin/whatsapp/instances/cmt5tpkh40008g22t7z5gauah:0
[ 2967691ms] [ERROR] Failed to load resource: the server responded with a status of 503 (Service Unavailable) @ http://localhost:3000/api/me/turn-credentials:0
[ 2967771ms] [ERROR] Failed to load resource: the server responded with a status of 404 (Not Found) @ http://localhost:3000/api/me/sip-credentials:0
[ 2984437ms] [ERROR] Failed to load resource: the server responded with a status of 500 (Internal Server Error) @ http://localhost:3000/api/admin/rooms:0
[ 3082374ms] [VERBOSE] [DOM] Password field is not contained in a form: (More info: https://goo.gl/9p2vKq) %o @ http://localhost:3000/admin/settings:0
[ 3082375ms] [VERBOSE] [DOM] Password field is not contained in a form: (More info: https://goo.gl/9p2vKq) %o @ http://localhost:3000/admin/settings:0
[ 3082375ms] [VERBOSE] [DOM] Password field is not contained in a form: (More info: https://goo.gl/9p2vKq) %o @ http://localhost:3000/admin/settings:0
[ 3082375ms] [VERBOSE] [DOM] Password field is not contained in a form: (More info: https://goo.gl/9p2vKq) %o @ http://localhost:3000/admin/settings:0
[ 3082375ms] [VERBOSE] [DOM] Password field is not contained in a form: (More info: https://goo.gl/9p2vKq) %o @ http://localhost:3000/admin/settings:0
[ 3082375ms] [VERBOSE] [DOM] Password field is not contained in a form: (More info: https://goo.gl/9p2vKq) %o @ http://localhost:3000/admin/settings:0
[ 3082375ms] [VERBOSE] [DOM] Password field is not contained in a form: (More info: https://goo.gl/9p2vKq) %o @ http://localhost:3000/admin/settings:0
[21962091ms] [ERROR] Connecting to 'https://localhost/login?callbackUrl=%2Fadmin%2Fwhatsapp' violates the following Content Security Policy directive: "connect-src 'self' wss: turn: turns: stun:". The action has been blocked. @ http://localhost:3000/admin/users:0
[21962093ms] [ERROR] Failed to fetch RSC payload for http://localhost:3000/admin/whatsapp. Falling back to browser navigation. TypeError: Failed to fetch
    at f (http://localhost:3000/_next/static/chunks/117-f9f4984ea2720060.js:1:45430)
    at http://localhost:3000/_next/static/chunks/117-f9f4984ea2720060.js:1:58956
    at Object.u [as task] (http://localhost:3000/_next/static/chunks/117-f9f4984ea2720060.js:1:31831)
    at c.s (http://localhost:3000/_next/static/chunks/117-f9f4984ea2720060.js:1:32536)
    at c.enqueue (http://localhost:3000/_next/static/chunks/117-f9f4984ea2720060.js:1:31961)
    at s (http://localhost:3000/_next/static/chunks/117-f9f4984ea2720060.js:1:58919)
    at i (http://localhost:3000/_next/static/chunks/117-f9f4984ea2720060.js:1:58459)
    at a (http://localhost:3000/_next/static/chunks/117-f9f4984ea2720060.js:1:65248)
    at f (http://localhost:3000/_next/static/chunks/117-f9f4984ea2720060.js:1:75108)
    at Object.action (http://localhost:3000/_next/static/chunks/117-f9f4984ea2720060.js:2:7080) @ http://localhost:3000/_next/static/chunks/117-f9f4984ea2720060.js:0
